-- reset the GUC and restart cluster.
-- start_ignore
! gpconfig -r gp_resource_manager;

! gpstop -rai;
-- end_ignore

SHOW gp_resource_manager;
gp_resource_manager
-------------------
queue              
(1 row)

-- reset admin_group concurrency setting
ALTER RESOURCE GROUP admin_group SET concurrency -1;
ALTER
