-- start_matchsubs
-- m/\(actual time=\d+\.\d+..\d+\.\d+ rows=\d+ loops=\d+\)/
-- s/\(actual time=\d+\.\d+..\d+\.\d+ rows=\d+ loops=\d+\)/(actual time=##.###..##.### rows=# loops=#)/
-- m/\(slice\d+\)    Executor memory: (\d+)\w bytes\./
-- s/Executor memory: (\d+)\w bytes\./Executor memory: (#####)K bytes./
-- m/\(slice\d+\)    Executor memory: (\d+)\w bytes avg x \d+ workers, \d+\w bytes max \(seg\d+\)\./
-- s/Executor memory: (\d+)\w bytes avg x \d+ workers, \d+\w bytes max \(seg\d+\)\./Executor memory: ####K bytes avg x #### workers, ####K bytes max (seg#)./
-- m/Work_mem: \d+\w bytes max\./
-- s/Work_mem: \d+\w bytes max\. */Work_mem: ###K bytes max./
-- m/Execution time: \d+\.\d+ ms/
-- s/Execution time: \d+\.\d+ ms/Execution time: ##.### ms/
-- m/Planning time: \d+\.\d+ ms/
-- s/Planning time: \d+\.\d+ ms/Planning time: ##.### ms/
-- m/cost=\d+\.\d+\.\.\d+\.\d+ rows=\d+ width=\d+/
-- s/\(cost=\d+\.\d+\.\.\d+\.\d+ rows=\d+ width=\d+\)/(cost=##.###..##.### rows=### width=###)/
-- m/Peak memory: \d+\w? bytes\./
-- s/Peak memory: \d+\w? bytes\./Peak memory: ### bytes./
-- m/Peak memory: \d+\w? bytes avg x \d+ workers, \d+\w? bytes max \(seg\d+\)./
-- s/Peak memory: \d+\w? bytes avg x \d+ workers, \d+\w? bytes max \(seg\d+\)\./Peak memory: ### bytes avg x # workers, ### bytes max (seg#)./
-- m/Vmem reserved: \d+\w? bytes\./
-- s/Vmem reserved: \d+\w? bytes\./Vmem reserved: ### bytes./
-- m/Vmem reserved: \d+\w? bytes avg x \d+ workers, \d+\w? bytes max \(seg\d+\)/
-- s/Vmem reserved: \d+\w? bytes avg x \d+ workers, \d+\w? bytes max \(seg\d+\)/Vmem reserved: ### bytes avg x # workers, ### bytes max (seg#)/
-- m/Total memory used across slices: \d+\w bytes./
-- s/Total memory used across slices: \d+\w bytes./Total memory used across slices: ### bytes./
-- m/Memory used:  \d+\w?B/
-- s/Memory used:  \d+\w?B/Memory used: ###B/
-- m/ORCA Memory used: peak \d+\w?B  allocated \d+\w?B  freed \d+\w?B/
-- s/ORCA Memory used: peak \d+\w?B  allocated \d+\w?B  freed \d+\w?B/ORCA Memory used: peak ##B  allocated ##B  freed ##B/
-- end_matchsubs
--
-- DEFAULT syntax
CREATE TABLE apples(id int PRIMARY KEY, type text);
INSERT INTO apples(id) SELECT generate_series(1, 100000);
CREATE TABLE box_locations(id int PRIMARY KEY, address text);
CREATE TABLE boxes(id int PRIMARY KEY, apple_id int REFERENCES apples(id), location_id int REFERENCES box_locations(id));
WARNING:  referential integrity (FOREIGN KEY) constraints are not supported in Greenplum Database, will not be enforced
WARNING:  referential integrity (FOREIGN KEY) constraints are not supported in Greenplum Database, will not be enforced
-- Activate GUC that will show more memory information
SET explain_memory_verbosity = 'summary';
--- Check Explain Text format output
-- explain_processing_off
EXPLAIN SELECT * from boxes LEFT JOIN apples ON apples.id = boxes.apple_id LEFT JOIN box_locations ON box_locations.id = boxes.location_id;
                                                       QUERY PLAN                                                       
------------------------------------------------------------------------------------------------------------------------
 Gather Motion 3:1  (slice3; segments: 3)  (cost=4626.75..9514.96 rows=77900 width=84)
   ->  Hash Left Join  (cost=4626.75..9514.96 rows=25967 width=84)
         Hash Cond: (boxes.location_id = box_locations.id)
         ->  Redistribute Motion 3:3  (slice2; segments: 3)  (cost=3410.75..7227.84 rows=25967 width=48)
               Hash Key: boxes.location_id
               ->  Hash Right Join  (cost=3410.75..5669.84 rows=25967 width=48)
                     Hash Cond: (apples.id = boxes.apple_id)
                     ->  Seq Scan on apples  (cost=0.00..1106.70 rows=33190 width=36)
                     ->  Hash  (cost=2437.00..2437.00 rows=25967 width=12)
                           ->  Redistribute Motion 3:3  (slice1; segments: 3)  (cost=0.00..2437.00 rows=25967 width=12)
                                 Hash Key: boxes.apple_id
                                 ->  Seq Scan on boxes  (cost=0.00..879.00 rows=25967 width=12)
         ->  Hash  (cost=596.00..596.00 rows=16534 width=36)
               ->  Seq Scan on box_locations  (cost=0.00..596.00 rows=16534 width=36)
 Planning time: 2.925 ms
 Optimizer: legacy query optimizer
(16 rows)

-- explain_processing_on
--- Check Explain Analyze Text output that include the slices information
-- explain_processing_off
EXPLAIN (ANALYZE) SELECT * from boxes LEFT JOIN apples ON apples.id = boxes.apple_id LEFT JOIN box_locations ON box_locations.id = boxes.location_id;
                                                                                                        QUERY PLAN                                                                                                        
--------------------------------------------------------------------------------------------------------------------------------------------------------------------------------------------------------------------------
 Gather Motion 3:1  (slice3; segments: 3)  (cost=4626.75..9514.96 rows=77900 width=84) (actual time=2.571..2.571 rows=0 loops=2)
   ->  Hash Left Join  (cost=4626.75..9514.96 rows=25967 width=84) (actual time=0.000..4.643 rows=0 loops=1)
         Hash Cond: (boxes.location_id = box_locations.id)
         ->  Redistribute Motion 3:3  (slice2; segments: 3)  (cost=3410.75..7227.84 rows=25967 width=48) (actual time=0.000..3.396 rows=0 loops=1)
               Hash Key: boxes.location_id
               ->  Hash Right Join  (cost=3410.75..5669.84 rows=25967 width=48) (actual time=0.000..2.122 rows=0 loops=1)
                     Hash Cond: (apples.id = boxes.apple_id)
                     ->  Seq Scan on apples  (cost=0.00..1106.70 rows=33190 width=36) (never executed)
                     ->  Hash  (cost=2437.00..2437.00 rows=25967 width=12) (actual time=0.000..0.008 rows=0 loops=1)
                           ->  Redistribute Motion 3:3  (slice1; segments: 3)  (cost=0.00..2437.00 rows=25967 width=12) (actual time=0.000..0.007 rows=0 loops=1)
                                 Hash Key: boxes.apple_id
                                 ->  Seq Scan on boxes  (cost=0.00..879.00 rows=25967 width=12) (actual time=0.000..0.017 rows=0 loops=1)
         ->  Hash  (cost=596.00..596.00 rows=16534 width=36) (actual time=0.000..0.022 rows=0 loops=1)
               ->  Seq Scan on box_locations  (cost=0.00..596.00 rows=16534 width=36) (actual time=0.000..0.020 rows=0 loops=1)
 Planning time: 2.298 ms
   (slice0)    Executor memory: 386K bytes.  Peak memory: 1507K bytes.  Vmem reserved: 1024K bytes.
   (slice1)    Executor memory: 66K bytes avg x 3 workers, 66K bytes max (seg0).  Peak memory: 1K bytes avg x 3 workers, 638K bytes max (seg1).
   (slice2)    Executor memory: 2122K bytes avg x 3 workers, 2122K bytes max (seg0).  Peak memory: 3K bytes avg x 3 workers, 2694K bytes max (seg0).  Vmem reserved: 2048K bytes avg x 3 workers, 2048K bytes max (seg0).
   (slice3)    Executor memory: 1110K bytes avg x 3 workers, 1110K bytes max (seg0).  Peak memory: 2K bytes avg x 3 workers, 1836K bytes max (seg1).  Vmem reserved: 2048K bytes avg x 3 workers, 2048K bytes max (seg0).
 Total memory used across slices: 17008K bytes 
 Memory used:  128000kB
 Optimizer: legacy query optimizer
 Execution time: 21.273 ms
(23 rows)

-- explain_processing_on
-- Unaligned output format is better for the YAML / XML / JSON outputs.
-- In aligned format, you have end-of-line markers at the end of each line,
-- and its position depends on the longest line. If the width changes, all
-- lines need to be adjusted for the moved end-of-line-marker.
\a
-- YAML Required replaces for costs and time changes
-- start_matchsubs
-- m/ Loops: \d+/
-- s/ Loops: \d+/ Loops: #/
-- m/ Cost: \d+\.\d+/
-- s/ Cost: \d+\.\d+/ Cost: ###.##/
-- m/ Rows: \d+/
-- s/ Rows: \d+/ Rows: #####/
-- m/ Plan Width: \d+/
-- s/ Plan Width: \d+/ Plan Width: ##/
-- m/ Time: \d+\.\d+/
-- s/ Time: \d+\.\d+/ Time: ##.###/
-- m/Execution Time: \d+\.\d+/
-- s/Execution Time: \d+\.\d+/Execution Time: ##.###/
-- m/Segments: \d+/
-- s/Segments: \d+/Segments: #/
-- m/PQO version \d+\.\d+\.\d+",?/
-- s/PQO version \d+\.\d+\.\d+",?/PQO version ##.##.##"/
-- m/ Memory: \d+/
-- s/ Memory: \d+/ Memory: ###/
-- m/Maximum Memory Used: \d+/
-- s/Maximum Memory Used: \d+/Maximum Memory Used: ###/
-- m/Work Maximum Memory: \d+/
-- s/Work Maximum Memory: \d+/Work Maximum Memory: ###/
-- m/Workers: \d+/
-- s/Workers: \d+/Workers: ##/
-- m/Average: \d+/
-- s/Average: \d+/Average: ##/
-- m/Total memory used across slices: \d+/
-- s/Total memory used across slices: \d+\s*/Total memory used across slices: ###/
-- m/Memory used: \d+/
-- s/Memory used: \d+/Memory used: ###/
-- m/ORCA Memory Used \w+: \d+/
-- s/ORCA Memory Used (\w+): \d+\s+/ORCA Memory Used $1: ##/
-- end_matchsubs
-- Check Explain YAML output
EXPLAIN (FORMAT YAML) SELECT * from boxes LEFT JOIN apples ON apples.id = boxes.apple_id LEFT JOIN box_locations ON box_locations.id = boxes.location_id;
QUERY PLAN
- Plan: 
    Node Type: "Gather Motion"
    Senders: 3
    Receivers: 1
    Slice: 3
    Segments: 3
    Gang Type: "primary reader"
    Startup Cost: 4626.75
    Total Cost: 9514.96
    Plan Rows: 77900
    Plan Width: 84
    Plans: 
      - Node Type: "Hash Join"
        Parent Relationship: "Outer"
        Slice: 3
        Segments: 3
        Gang Type: "primary reader"
        Join Type: "Left"
        Startup Cost: 4626.75
        Total Cost: 9514.96
        Plan Rows: 77900
        Plan Width: 84
        Hash Cond: "(boxes.location_id = box_locations.id)"
        Plans: 
          - Node Type: "Redistribute Motion"
            Senders: 3
            Receivers: 3
            Parent Relationship: "Outer"
            Slice: 2
            Segments: 3
            Gang Type: "primary reader"
            Startup Cost: 3410.75
            Total Cost: 7227.84
            Plan Rows: 77900
            Plan Width: 48
            Hash Key: "boxes.location_id"
            Plans: 
              - Node Type: "Hash Join"
                Parent Relationship: "Outer"
                Slice: 2
                Segments: 3
                Gang Type: "primary reader"
                Join Type: "Right"
                Startup Cost: 3410.75
                Total Cost: 5669.84
                Plan Rows: 77900
                Plan Width: 48
                Hash Cond: "(apples.id = boxes.apple_id)"
                Plans: 
                  - Node Type: "Seq Scan"
                    Parent Relationship: "Outer"
                    Slice: 2
                    Segments: 3
                    Gang Type: "primary reader"
                    Relation Name: "apples"
                    Alias: "apples"
                    Startup Cost: 0.00
                    Total Cost: 1106.70
                    Plan Rows: 99570
                    Plan Width: 36
                  - Node Type: "Hash"
                    Parent Relationship: "Inner"
                    Slice: 2
                    Segments: 3
                    Gang Type: "primary reader"
                    Startup Cost: 2437.00
                    Total Cost: 2437.00
                    Plan Rows: 77900
                    Plan Width: 12
                    Plans: 
                      - Node Type: "Redistribute Motion"
                        Senders: 3
                        Receivers: 3
                        Parent Relationship: "Outer"
                        Slice: 1
                        Segments: 3
                        Gang Type: "primary reader"
                        Startup Cost: 0.00
                        Total Cost: 2437.00
                        Plan Rows: 77900
                        Plan Width: 12
                        Hash Key: "boxes.apple_id"
                        Plans: 
                          - Node Type: "Seq Scan"
                            Parent Relationship: "Outer"
                            Slice: 1
                            Segments: 3
                            Gang Type: "primary reader"
                            Relation Name: "boxes"
                            Alias: "boxes"
                            Startup Cost: 0.00
                            Total Cost: 879.00
                            Plan Rows: 77900
                            Plan Width: 12
          - Node Type: "Hash"
            Parent Relationship: "Inner"
            Slice: 3
            Segments: 3
            Gang Type: "primary reader"
            Startup Cost: 596.00
            Total Cost: 596.00
            Plan Rows: 49600
            Plan Width: 36
            Plans: 
              - Node Type: "Seq Scan"
                Parent Relationship: "Outer"
                Slice: 3
                Segments: 3
                Gang Type: "primary reader"
                Relation Name: "box_locations"
                Alias: "box_locations"
                Startup Cost: 0.00
                Total Cost: 596.00
                Plan Rows: 49600
                Plan Width: 36
  Planning Time: 2.442
  Settings: 
    Optimizer: "legacy query optimizer"
(1 row)
--- Check Explain Analyze YAML output that include the slices information
-- explain_processing_off
EXPLAIN (ANALYZE, FORMAT YAML) SELECT * from boxes LEFT JOIN apples ON apples.id = boxes.apple_id LEFT JOIN box_locations ON box_locations.id = boxes.location_id;
QUERY PLAN
- Plan: 
    Node Type: "Gather Motion"
    Senders: 3
    Receivers: 1
    Slice: 3
    Segments: 3
    Gang Type: "primary reader"
    Startup Cost: 4626.75
    Total Cost: 9514.96
    Plan Rows: 77900
    Plan Width: 84
    Actual Startup Time: 2.463
    Actual Total Time: 2.463
    Actual Rows: 0
    Actual Loops: 2
    Plans: 
      - Node Type: "Hash Join"
        Parent Relationship: "Outer"
        Slice: 3
        Segments: 3
        Gang Type: "primary reader"
        Join Type: "Left"
        Startup Cost: 4626.75
        Total Cost: 9514.96
        Plan Rows: 77900
        Plan Width: 84
        Actual Startup Time: 0.000
        Actual Total Time: 4.477
        Actual Rows: 0
        Actual Loops: 1
        Hash Cond: "(boxes.location_id = box_locations.id)"
        Plans: 
          - Node Type: "Redistribute Motion"
            Senders: 3
            Receivers: 3
            Parent Relationship: "Outer"
            Slice: 2
            Segments: 3
            Gang Type: "primary reader"
            Startup Cost: 3410.75
            Total Cost: 7227.84
            Plan Rows: 77900
            Plan Width: 48
            Actual Startup Time: 0.000
            Actual Total Time: 3.469
            Actual Rows: 0
            Actual Loops: 1
            Hash Key: "boxes.location_id"
            Plans: 
              - Node Type: "Hash Join"
                Parent Relationship: "Outer"
                Slice: 2
                Segments: 3
                Gang Type: "primary reader"
                Join Type: "Right"
                Startup Cost: 3410.75
                Total Cost: 5669.84
                Plan Rows: 77900
                Plan Width: 48
                Actual Startup Time: 0.000
                Actual Total Time: 2.554
                Actual Rows: 0
                Actual Loops: 1
                Hash Cond: "(apples.id = boxes.apple_id)"
                Plans: 
                  - Node Type: "Seq Scan"
                    Parent Relationship: "Outer"
                    Slice: 2
                    Segments: 3
                    Gang Type: "primary reader"
                    Relation Name: "apples"
                    Alias: "apples"
                    Startup Cost: 0.00
                    Total Cost: 1106.70
                    Plan Rows: 99570
                    Plan Width: 36
                    Actual Startup Time: 0.000
                    Actual Total Time: 0.000
                    Actual Rows: 0
                    Actual Loops: 0
                  - Node Type: "Hash"
                    Parent Relationship: "Inner"
                    Slice: 2
                    Segments: 3
                    Gang Type: "primary reader"
                    Startup Cost: 2437.00
                    Total Cost: 2437.00
                    Plan Rows: 77900
                    Plan Width: 12
                    Actual Startup Time: 0.000
                    Actual Total Time: 0.010
                    Actual Rows: 0
                    Actual Loops: 1
                    Plans: 
                      - Node Type: "Redistribute Motion"
                        Senders: 3
                        Receivers: 3
                        Parent Relationship: "Outer"
                        Slice: 1
                        Segments: 3
                        Gang Type: "primary reader"
                        Startup Cost: 0.00
                        Total Cost: 2437.00
                        Plan Rows: 77900
                        Plan Width: 12
                        Actual Startup Time: 0.000
                        Actual Total Time: 0.008
                        Actual Rows: 0
                        Actual Loops: 1
                        Hash Key: "boxes.apple_id"
                        Plans: 
                          - Node Type: "Seq Scan"
                            Parent Relationship: "Outer"
                            Slice: 1
                            Segments: 3
                            Gang Type: "primary reader"
                            Relation Name: "boxes"
                            Alias: "boxes"
                            Startup Cost: 0.00
                            Total Cost: 879.00
                            Plan Rows: 77900
                            Plan Width: 12
                            Actual Startup Time: 0.000
                            Actual Total Time: 0.024
                            Actual Rows: 0
                            Actual Loops: 1
          - Node Type: "Hash"
            Parent Relationship: "Inner"
            Slice: 3
            Segments: 3
            Gang Type: "primary reader"
            Startup Cost: 596.00
            Total Cost: 596.00
            Plan Rows: 49600
            Plan Width: 36
            Actual Startup Time: 0.000
            Actual Total Time: 0.020
            Actual Rows: 0
            Actual Loops: 1
            Plans: 
              - Node Type: "Seq Scan"
                Parent Relationship: "Outer"
                Slice: 3
                Segments: 3
                Gang Type: "primary reader"
                Relation Name: "box_locations"
                Alias: "box_locations"
                Startup Cost: 0.00
                Total Cost: 596.00
                Plan Rows: 49600
                Plan Width: 36
                Actual Startup Time: 0.000
                Actual Total Time: 0.019
                Actual Rows: 0
                Actual Loops: 1
  Planning Time: 2.374
  Triggers: 
  Slice statistics: 
    - Slice: 0
      Executor Memory: 394432
      Global Peak Memory: 1522496
      Virtual Memory: 1048576
    - Slice: 1
      Executor Memory: 
        Average: 66728
        Workers: 3
        Maximum Memory Used: 66728
      Global Peak Memory: 
        Average: 664458
        Workers: 3
        Maximum Memory Used: 665040
    - Slice: 2
      Executor Memory: 
        Average: 2171952
        Workers: 3
        Maximum Memory Used: 2171952
      Global Peak Memory: 
        Average: 2757704
        Workers: 3
        Maximum Memory Used: 2757736
      Virtual Memory: 
        Average: 2097152
        Workers: 3
        Maximum Memory Used: 2097152
    - Slice: 3
      Executor Memory: 
        Average: 1135744
        Workers: 3
        Maximum Memory Used: 1135744
      Global Peak Memory: 
        Average: 1879320
        Workers: 3
        Maximum Memory Used: 1879352
      Virtual Memory: 
        Average: 2097152
        Workers: 3
        Maximum Memory Used: 2097152
  Total memory used across slices: 6667
  Statement statistics: 
    Memory used: 128000
  Settings: 
    Optimizer: "legacy query optimizer"
  Execution Time: 5.915
(1 row)
-- explain_processing_on
--
-- Test a simple case with JSON and XML output, too.
--
-- This should be enough for those format. The only difference between JSON,
-- XML, and YAML is in the formatting, after all.
-- Check JSON format
--
-- start_matchsubs
-- m/PQO version \d+\.\d+\.\d+/
-- s/PQO version \d+\.\d+\.\d+/PQO version ##.##.##/
-- end_matchsubs
-- explain_processing_off
EXPLAIN (FORMAT JSON, COSTS OFF) SELECT * FROM generate_series(1, 10);
QUERY PLAN
[
  {
    "Plan": {
      "Node Type": "Function Scan",
      "Function Name": "generate_series",
      "Alias": "generate_series"
    },
    "Settings": {
      "Optimizer": "legacy query optimizer"
    }
  }
]
(1 row)
EXPLAIN (FORMAT XML, COSTS OFF) SELECT * FROM generate_series(1, 10);
QUERY PLAN
<explain xmlns="http://www.postgresql.org/2009/explain">
  <Query>
    <Plan>
      <Node-Type>Function Scan</Node-Type>
      <Function-Name>generate_series</Function-Name>
      <Alias>generate_series</Alias>
    </Plan>
    <Settings>
      <Optimizer>legacy query optimizer</Optimizer>
    </Settings>
  </Query>
</explain>
(1 row)
-- explain_processing_on
-- Cleanup
DROP TABLE boxes;
DROP TABLE apples;
DROP TABLE box_locations;
