select * from gp_toolkit.gp_resgroup_config where groupname='default_group';
 groupid | groupname     | concurrency | proposed_concurrency | cpu_rate_limit | memory_limit | proposed_memory_limit | memory_shared_quota | proposed_memory_shared_quota | memory_spill_ratio | proposed_memory_spill_ratio | memory_auditor | cpuset 
---------+---------------+-------------+----------------------+----------------+--------------+-----------------------+---------------------+------------------------------+--------------------+-----------------------------+----------------+--------
 6437    | default_group | 20          | 20                   | 30             | 30           | 30                    | 50                  | 50                           | 20                 | 20                          | vmtracker      | -1     
(1 row)

select rsgname , groupid , num_running , num_queueing , num_queued , num_executed , cpu_usage->'-1' as qd_cpu_usage , memory_usage->'-1'->'used' as qd_memory_used , memory_usage->'-1'->'shared_used' as qd_memory_shared_used from gp_toolkit.gp_resgroup_status where rsgname='default_group';
 rsgname       | groupid | num_running | num_queueing | num_queued | num_executed | qd_cpu_usage | qd_memory_used | qd_memory_shared_used 
---------------+---------+-------------+--------------+------------+--------------+--------------+----------------+-----------------------
 default_group | 6437    | 0           | 0            | 0          | 0            | 0.00         | 0              | 0                     
(1 row)

select rsgname , groupid , cpu , memory_used , memory_shared_used from gp_toolkit.gp_resgroup_status_per_host s join gp_segment_configuration c on s.hostname=c.hostname and c.content=-1 where rsgname='default_group';
 rsgname       | groupid | cpu  | memory_used | memory_shared_used 
---------------+---------+------+-------------+--------------------
 default_group | 6437    | 0.00 | 0           | 0                  
(1 row)

select rsgname , groupid , segment_id , cpu , memory_used , memory_shared_used from gp_toolkit.gp_resgroup_status_per_segment where rsgname='default_group' and segment_id=-1;
 rsgname       | groupid | segment_id | cpu  | memory_used | memory_shared_used 
---------------+---------+------------+------+-------------+--------------------
 default_group | 6437    | -1         | 0.00 | 0           | 0                  
(1 row)

-- also log the raw output of the views, if any of above tests failed it is
-- easier to find out the causes with these logs.

-- start_ignore
select * from gp_toolkit.gp_resgroup_config;
select * from gp_toolkit.gp_resgroup_status;
select * from gp_toolkit.gp_resgroup_status_per_host;
select * from gp_toolkit.gp_resgroup_status_per_segment;
-- end_ignore
